1100110110000010010010001000001010000000100000100000000010000010
1000001001111111010000101010101001101010100000010101110010000010
1001011110101001001001111000001001010001101010011010100010100111
1111001110000010101101111000001000011110100000011110111110101010
