1000110101111111111111011000000100001001100000010100110110000001
1011100001111111101110001010101011100001101010010111010010000001
1000011001111111001110111000001010001111011111111000011110000010
1000111110100111111011111010101010110001011111111000101010101010
