0001011010000001010101101010101011111100101010100000100110101001
1111111101111111011110001000001001001000101010100100001110101010
1110100101111111100111101000001010001000101010011011000110101001
1110011110000010111111001010100100010010100000101101101110101001
