1111000010000010010110011010101011000110100000100010001001111111
1010101010101001000010001000001011011100101010011001110010000010
1100000001111111111101101010101000000100101010010110101010000010
0111111010101010010111001000000101101011101010101110100010101010
