1000110010101001100011001010100110110000101010101101100001111111
0100000010000001110010011000000111100110011111110101101110101001
1101010110000001101110111010100111000111101010010010101010101010
0000101101111111011100101010100100011010100000100000011110000010
