0110001110101010010111011010101010100101100000100011110010000010
0101100010101010111101011010100100000100100000010010100010000001
0101100010101010011101011010101000001001101010101111001001111111
1001001110000010011011101000000101011100100000010000111001111111
