1111110010101010000101001000001011011100011111111000110101111111
0001100110000010110100001010101000001110100000011000101110101001
0110101010101010101101111010011101001101100000101110101110101010
1110011010000010100111011010100100110010100000011001111110100111
