1011011010101001100010101000001000111000100000011101010001111111
1100111101111111111111010111111111110001101010100111011110000001
1101101010000001010001101010101010110111100000101001100010101001
0011100101111111111010110111111110011001101010011000111010101010
